2024-03-15 10:23:45 [INFO] 开始数据清洗...
2024-03-15 10:23:46 [INFO] 加载完成，共 63000 条原始记录
2024-03-15 10:24:22 [WARNING] 批次 2 记录 234 姓名脱敏失败，使用缓存
2024-03-15 10:24:22 [ERROR] 批次 2 记录 234 处理失败: Invalid name
2024-03-15 10:24:27 [WARNING] 批次 7 记录 567 姓名脱敏失败，使用缓存
2024-03-15 10:24:27 [ERROR] 批次 7 记录 567 处理失败: Invalid name
2024-03-15 10:24:32 [WARNING] 批次 12 记录 891 姓名脱敏失败，使用缓存
2024-03-15 10:24:32 [ERROR] 批次 12 记录 891 处理失败: Invalid name
2024-03-15 10:24:37 [WARNING] 批次 17 记录 1234 姓名脱敏失败，使用缓存
2024-03-15 10:24:37 [ERROR] 批次 17 记录 1234 处理失败: Invalid name
2024-03-15 10:24:42 [WARNING] 批次 22 记录 1678 姓名脱敏失败，使用缓存
2024-03-15 10:24:42 [ERROR] 批次 22 记录 1678 处理失败: Invalid name
2024-03-15 10:24:47 [WARNING] 批次 27 记录 2345 姓名脱敏失败，使用缓存
2024-03-15 10:24:47 [ERROR] 批次 27 记录 2345 处理失败: Invalid name
2024-03-15 10:24:52 [WARNING] 批次 32 记录 2789 姓名脱敏失败，使用缓存
2024-03-15 10:24:52 [ERROR] 批次 32 记录 2789 处理失败: Invalid name
2024-03-15 10:24:57 [WARNING] 批次 37 记录 3456 姓名脱敏失败，使用缓存
2024-03-15 10:24:57 [ERROR] 批次 37 记录 3456 处理失败: Invalid name
2024-03-15 10:24:59 [WARNING] 批次 42 记录 3890 姓名脱敏失败，使用缓存
2024-03-15 10:24:59 [ERROR] 批次 42 记录 3890 处理失败: Invalid name
2024-03-15 10:24:59 [WARNING] 批次 47 记录 4567 姓名脱敏失败，使用缓存
2024-03-15 10:24:59 [ERROR] 批次 47 记录 4567 处理失败: Invalid name
2024-03-15 10:25:12 [INFO] 去重后剩余 46558 条记录
2024-03-15 10:25:13 [INFO] 导出完成: cleaned_students.csv
2024-03-15 10:25:13 [INFO] 清洗完成！