[04-13 22:14:04]: [INFO] Created column 'regdate' and set the current timestamp, 1776089644081, to all 0 rows
[04-13 22:14:04]: [INFO] SQLite Setup finished
[04-13 22:14:04]: [INFO] No supported permissions system found! Permissions are disabled!
[04-13 22:14:04]: [WARN] WARNING! The protectInventory feature requires ProtocolLib! Disabling it...
[04-13 22:14:04]: [INFO] AuthMe 5.6.0 build n.CUSTOM successfully enabled!
[04-13 22:14:04]: [INFO] Downloading GEO IP database, because the old database is older than 30 days or doesn't exist
[04-13 22:14:04]: [WARN] No MaxMind credentials found in the configuration file! GeoIp protections will be disabled.
[04-13 22:14:04]: [INFO] There is no newer GEO IP database uploaded to MaxMind. Using the old one for now.
[04-13 22:14:04]: [WARN] Could not download GeoLiteAPI database [FileNotFoundException]: plugins/AuthMe/GeoLite2-Country.mmdb (No such file or directory)
[04-13 22:14:04]: java.io.FileNotFoundException: plugins/AuthMe/GeoLite2-Country.mmdb (No such file or directory)
	at java.base/java.io.RandomAccessFile.open0(Native Method)
	at java.base/java.io.RandomAccessFile.open(RandomAccessFile.java:366)
	at java.base/java.io.RandomAccessFile.<init>(RandomAccessFile.java:285)
	at java.base/java.io.RandomAccessFile.<init>(RandomAccessFile.java:231)
	at fr.xephi.authme.libs.com.maxmind.db.BufferHolder.<init>(BufferHolder.java:20)
	at fr.xephi.authme.libs.com.maxmind.db.Reader.<init>(Reader.java:121)
	at fr.xephi.authme.service.GeoIpService.startReading(GeoIpService.java:179)
	at fr.xephi.authme.service.GeoIpService.updateDatabase(GeoIpService.java:150)
	at org.bukkit.craftbukkit.v1_8_R3.scheduler.CraftTask.run(CraftTask.java:59)
	at org.bukkit.craftbukkit.v1_8_R3.scheduler.CraftAsyncTask.run(CraftAsyncTask.java:53)
	at org.github.paperspigot.ServerSchedulerReportingWrapper.run(ServerSchedulerReportingWrapper.java:23)
	at java.base/java.util.concurrent.ThreadPoolExecutor.runWorker(ThreadPoolExecutor.java:1144)
	at java.base/java.util.concurrent.ThreadPoolExecutor$Worker.run(ThreadPoolExecutor.java:642)
	at java.base/java.lang.Thread.run(Thread.java:1575)

[04-13 22:15:06]: [INFO] CONSOLE registered md_5
[04-13 22:44:02]: [INFO] AuthMe 5.6.0-bCUSTOM disabled!
[04-13 22:44:31]: [INFO] SQLite Setup finished
[04-13 22:44:31]: [INFO] No supported permissions system found! Permissions are disabled!
[04-13 22:44:31]: [WARN] WARNING! The protectInventory feature requires ProtocolLib! Disabling it...
[04-13 22:44:31]: [INFO] AuthMe 5.6.0 build n.CUSTOM successfully enabled!
[04-13 22:44:31]: [INFO] Downloading GEO IP database, because the old database is older than 30 days or doesn't exist
[04-13 22:44:31]: [WARN] No MaxMind credentials found in the configuration file! GeoIp protections will be disabled.
[04-13 22:44:31]: [INFO] There is no newer GEO IP database uploaded to MaxMind. Using the old one for now.
[04-13 22:44:31]: [WARN] Could not download GeoLiteAPI database [FileNotFoundException]: plugins/AuthMe/GeoLite2-Country.mmdb (No such file or directory)
[04-13 22:44:31]: java.io.FileNotFoundException: plugins/AuthMe/GeoLite2-Country.mmdb (No such file or directory)
	at java.base/java.io.RandomAccessFile.open0(Native Method)
	at java.base/java.io.RandomAccessFile.open(RandomAccessFile.java:366)
	at java.base/java.io.RandomAccessFile.<init>(RandomAccessFile.java:285)
	at java.base/java.io.RandomAccessFile.<init>(RandomAccessFile.java:231)
	at fr.xephi.authme.libs.com.maxmind.db.BufferHolder.<init>(BufferHolder.java:20)
	at fr.xephi.authme.libs.com.maxmind.db.Reader.<init>(Reader.java:121)
	at fr.xephi.authme.service.GeoIpService.startReading(GeoIpService.java:179)
	at fr.xephi.authme.service.GeoIpService.updateDatabase(GeoIpService.java:150)
	at org.bukkit.craftbukkit.v1_8_R3.scheduler.CraftTask.run(CraftTask.java:59)
	at org.bukkit.craftbukkit.v1_8_R3.scheduler.CraftAsyncTask.run(CraftAsyncTask.java:53)
	at org.github.paperspigot.ServerSchedulerReportingWrapper.run(ServerSchedulerReportingWrapper.java:23)
	at java.base/java.util.concurrent.ThreadPoolExecutor.runWorker(ThreadPoolExecutor.java:1144)
	at java.base/java.util.concurrent.ThreadPoolExecutor$Worker.run(ThreadPoolExecutor.java:642)
	at java.base/java.lang.Thread.run(Thread.java:1575)

[04-13 22:57:37]: [INFO] AuthMe 5.6.0-bCUSTOM disabled!
[04-13 22:57:42]: [INFO] SQLite Setup finished
[04-13 22:57:42]: [INFO] No supported permissions system found! Permissions are disabled!
[04-13 22:57:42]: [WARN] WARNING! The protectInventory feature requires ProtocolLib! Disabling it...
[04-13 22:57:42]: [INFO] AuthMe 5.6.0 build n.CUSTOM successfully enabled!
[04-13 22:57:42]: [INFO] Downloading GEO IP database, because the old database is older than 30 days or doesn't exist
[04-13 22:57:42]: [WARN] No MaxMind credentials found in the configuration file! GeoIp protections will be disabled.
[04-13 22:57:42]: [INFO] There is no newer GEO IP database uploaded to MaxMind. Using the old one for now.
[04-13 22:57:42]: [WARN] Could not download GeoLiteAPI database [FileNotFoundException]: plugins/AuthMe/GeoLite2-Country.mmdb (No such file or directory)
[04-13 22:57:42]: java.io.FileNotFoundException: plugins/AuthMe/GeoLite2-Country.mmdb (No such file or directory)
	at java.base/java.io.RandomAccessFile.open0(Native Method)
	at java.base/java.io.RandomAccessFile.open(RandomAccessFile.java:366)
	at java.base/java.io.RandomAccessFile.<init>(RandomAccessFile.java:285)
	at java.base/java.io.RandomAccessFile.<init>(RandomAccessFile.java:231)
	at fr.xephi.authme.libs.com.maxmind.db.BufferHolder.<init>(BufferHolder.java:20)
	at fr.xephi.authme.libs.com.maxmind.db.Reader.<init>(Reader.java:121)
	at fr.xephi.authme.service.GeoIpService.startReading(GeoIpService.java:179)
	at fr.xephi.authme.service.GeoIpService.updateDatabase(GeoIpService.java:150)
	at org.bukkit.craftbukkit.v1_8_R3.scheduler.CraftTask.run(CraftTask.java:59)
	at org.bukkit.craftbukkit.v1_8_R3.scheduler.CraftAsyncTask.run(CraftAsyncTask.java:53)
	at org.github.paperspigot.ServerSchedulerReportingWrapper.run(ServerSchedulerReportingWrapper.java:23)
	at java.base/java.util.concurrent.ThreadPoolExecutor.runWorker(ThreadPoolExecutor.java:1144)
	at java.base/java.util.concurrent.ThreadPoolExecutor$Worker.run(ThreadPoolExecutor.java:642)
	at java.base/java.lang.Thread.run(Thread.java:1575)

[04-13 22:58:38]: [INFO] AuthMe 5.6.0-bCUSTOM disabled!
[04-13 22:59:15]: [INFO] SQLite Setup finished
[04-13 22:59:15]: [INFO] No supported permissions system found! Permissions are disabled!
[04-13 22:59:15]: [WARN] WARNING! The protectInventory feature requires ProtocolLib! Disabling it...
[04-13 22:59:15]: [INFO] AuthMe 5.6.0 build n.CUSTOM successfully enabled!
[04-13 22:59:15]: [INFO] Downloading GEO IP database, because the old database is older than 30 days or doesn't exist
[04-13 22:59:15]: [WARN] No MaxMind credentials found in the configuration file! GeoIp protections will be disabled.
[04-13 22:59:15]: [INFO] There is no newer GEO IP database uploaded to MaxMind. Using the old one for now.
[04-13 22:59:15]: [WARN] Could not download GeoLiteAPI database [FileNotFoundException]: plugins/AuthMe/GeoLite2-Country.mmdb (No such file or directory)
[04-13 22:59:15]: java.io.FileNotFoundException: plugins/AuthMe/GeoLite2-Country.mmdb (No such file or directory)
	at java.base/java.io.RandomAccessFile.open0(Native Method)
	at java.base/java.io.RandomAccessFile.open(RandomAccessFile.java:366)
	at java.base/java.io.RandomAccessFile.<init>(RandomAccessFile.java:285)
	at java.base/java.io.RandomAccessFile.<init>(RandomAccessFile.java:231)
	at fr.xephi.authme.libs.com.maxmind.db.BufferHolder.<init>(BufferHolder.java:20)
	at fr.xephi.authme.libs.com.maxmind.db.Reader.<init>(Reader.java:121)
	at fr.xephi.authme.service.GeoIpService.startReading(GeoIpService.java:179)
	at fr.xephi.authme.service.GeoIpService.updateDatabase(GeoIpService.java:150)
	at org.bukkit.craftbukkit.v1_8_R3.scheduler.CraftTask.run(CraftTask.java:59)
	at org.bukkit.craftbukkit.v1_8_R3.scheduler.CraftAsyncTask.run(CraftAsyncTask.java:53)
	at org.github.paperspigot.ServerSchedulerReportingWrapper.run(ServerSchedulerReportingWrapper.java:23)
	at java.base/java.util.concurrent.ThreadPoolExecutor.runWorker(ThreadPoolExecutor.java:1144)
	at java.base/java.util.concurrent.ThreadPoolExecutor$Worker.run(ThreadPoolExecutor.java:642)
	at java.base/java.lang.Thread.run(Thread.java:1575)

[04-13 23:03:36]: [INFO] AuthMe 5.6.0-bCUSTOM disabled!
[04-13 23:03:53]: [INFO] SQLite Setup finished
[04-13 23:03:53]: [INFO] No supported permissions system found! Permissions are disabled!
[04-13 23:03:53]: [WARN] WARNING! The protectInventory feature requires ProtocolLib! Disabling it...
[04-13 23:03:53]: [INFO] AuthMe 5.6.0 build n.CUSTOM successfully enabled!
[04-13 23:03:53]: [INFO] Downloading GEO IP database, because the old database is older than 30 days or doesn't exist
[04-13 23:03:53]: [WARN] No MaxMind credentials found in the configuration file! GeoIp protections will be disabled.
[04-13 23:03:53]: [INFO] There is no newer GEO IP database uploaded to MaxMind. Using the old one for now.
[04-13 23:03:53]: [WARN] Could not download GeoLiteAPI database [FileNotFoundException]: plugins/AuthMe/GeoLite2-Country.mmdb (No such file or directory)
[04-13 23:03:53]: java.io.FileNotFoundException: plugins/AuthMe/GeoLite2-Country.mmdb (No such file or directory)
	at java.base/java.io.RandomAccessFile.open0(Native Method)
	at java.base/java.io.RandomAccessFile.open(RandomAccessFile.java:366)
	at java.base/java.io.RandomAccessFile.<init>(RandomAccessFile.java:285)
	at java.base/java.io.RandomAccessFile.<init>(RandomAccessFile.java:231)
	at fr.xephi.authme.libs.com.maxmind.db.BufferHolder.<init>(BufferHolder.java:20)
	at fr.xephi.authme.libs.com.maxmind.db.Reader.<init>(Reader.java:121)
	at fr.xephi.authme.service.GeoIpService.startReading(GeoIpService.java:179)
	at fr.xephi.authme.service.GeoIpService.updateDatabase(GeoIpService.java:150)
	at org.bukkit.craftbukkit.v1_8_R3.scheduler.CraftTask.run(CraftTask.java:59)
	at org.bukkit.craftbukkit.v1_8_R3.scheduler.CraftAsyncTask.run(CraftAsyncTask.java:53)
	at org.github.paperspigot.ServerSchedulerReportingWrapper.run(ServerSchedulerReportingWrapper.java:23)
	at java.base/java.util.concurrent.ThreadPoolExecutor.runWorker(ThreadPoolExecutor.java:1144)
	at java.base/java.util.concurrent.ThreadPoolExecutor$Worker.run(ThreadPoolExecutor.java:642)
	at java.base/java.lang.Thread.run(Thread.java:1575)

[04-13 23:04:10]: [FINE] md_5 logged in 127.0.0.1
[04-13 23:31:36]: [INFO] AuthMe 5.6.0-bCUSTOM disabled!
[04-19 13:50:49]: [INFO] SQLite Setup finished
[04-19 13:50:49]: [INFO] No supported permissions system found! Permissions are disabled!
[04-19 13:50:50]: [WARN] WARNING! The protectInventory feature requires ProtocolLib! Disabling it...
[04-19 13:50:50]: [INFO] AuthMe 5.6.0 build n.CUSTOM successfully enabled!
[04-19 13:50:50]: [INFO] Downloading GEO IP database, because the old database is older than 30 days or doesn't exist
[04-19 13:50:50]: [WARN] No MaxMind credentials found in the configuration file! GeoIp protections will be disabled.
[04-19 13:50:50]: [INFO] There is no newer GEO IP database uploaded to MaxMind. Using the old one for now.
[04-19 13:50:50]: [WARN] Could not download GeoLiteAPI database [FileNotFoundException]: plugins/AuthMe/GeoLite2-Country.mmdb (No such file or directory)
[04-19 13:50:50]: java.io.FileNotFoundException: plugins/AuthMe/GeoLite2-Country.mmdb (No such file or directory)
	at java.base/java.io.RandomAccessFile.open0(Native Method)
	at java.base/java.io.RandomAccessFile.open(RandomAccessFile.java:344)
	at java.base/java.io.RandomAccessFile.<init>(RandomAccessFile.java:259)
	at java.base/java.io.RandomAccessFile.<init>(RandomAccessFile.java:213)
	at fr.xephi.authme.libs.com.maxmind.db.BufferHolder.<init>(BufferHolder.java:20)
	at fr.xephi.authme.libs.com.maxmind.db.Reader.<init>(Reader.java:121)
	at fr.xephi.authme.service.GeoIpService.startReading(GeoIpService.java:179)
	at fr.xephi.authme.service.GeoIpService.updateDatabase(GeoIpService.java:150)
	at org.bukkit.craftbukkit.v1_8_R3.scheduler.CraftTask.run(CraftTask.java:59)
	at org.bukkit.craftbukkit.v1_8_R3.scheduler.CraftAsyncTask.run(CraftAsyncTask.java:53)
	at org.github.paperspigot.ServerSchedulerReportingWrapper.run(ServerSchedulerReportingWrapper.java:23)
	at java.base/java.util.concurrent.ThreadPoolExecutor.runWorker(ThreadPoolExecutor.java:1136)
	at java.base/java.util.concurrent.ThreadPoolExecutor$Worker.run(ThreadPoolExecutor.java:635)
	at java.base/java.lang.Thread.run(Thread.java:840)

[04-19 13:52:33]: [FINE] jingwenMC registered 127.0.0.1
[04-19 13:52:33]: [FINE] The user jingwenMC has 2 accounts:
[04-19 13:52:33]: [FINE] §7md_5, §ajingwenMC§7.
[04-19 13:52:33]: [FINE] jingwenMC logged in 127.0.0.1
[04-19 19:59:26]: [INFO] AuthMe 5.6.0-bCUSTOM disabled!
